
> postly-backend@1.0.0 test
> node --experimental-vm-modules node_modules/jest/bin/jest.js --passWithNoTests tests/integration/redis.telemetry.test.js

(node:12716) ExperimentalWarning: VM Modules is an experimental feature and might change at any time
(Use `node --trace-warnings ...` to show where the warning was created)
FAIL tests/integration/redis.telemetry.test.js
  ΓùÅ ≡ƒÜÇ Database & Tracing: Redis Search Latency and Hit/Miss Telemetry ΓÇ║ Should track a CACHE_MISS and record searching time

    Stream isn't writeable and enableOfflineQueue options is false

      20 |   test('Should track a CACHE_MISS and record searching time', async () => {
      21 |     const start = Date.now();
    > 22 |     const result = await redis.get('postly:test:missing_key');
         |                                ^
      23 |     const end = Date.now();
      24 |     
      25 |     // Time in milliseconds

      at EventEmitter.sendCommand (node_modules/ioredis/built/Redis.js:365:32)
      at EventEmitter.get (node_modules/ioredis/built/utils/Commander.js:90:25)
      at Object.<anonymous> (tests/integration/redis.telemetry.test.js:22:32)

  ΓùÅ ≡ƒÜÇ Database & Tracing: Redis Search Latency and Hit/Miss Telemetry ΓÇ║ Should strictly write actual data, track CACHE_HIT, and verify the physical payload

    Stream isn't writeable and enableOfflineQueue options is false

      42 |
      43 |     // Write to Redis with an expiration of 10s so we don't pollute the cloud
    > 44 |     await redis.set(key, actualData, 'EX', 10);
         |                 ^
      45 |
      46 |     // 2. Fetch and Trace
      47 |     const start = Date.now();

      at EventEmitter.sendCommand (node_modules/ioredis/built/Redis.js:365:32)
      at EventEmitter.set (node_modules/ioredis/built/utils/Commander.js:90:25)
      at Object.<anonymous> (tests/integration/redis.telemetry.test.js:44:17)


  ΓùÅ Test suite failed to run

    Stream isn't writeable and enableOfflineQueue options is false

      15 |
      16 |   afterAll(async () => {
    > 17 |     if (redis) await redis.quit();
         |                            ^
      18 |   });
      19 |
      20 |   test('Should track a CACHE_MISS and record searching time', async () => {

      at EventEmitter.sendCommand (node_modules/ioredis/built/Redis.js:365:32)
      at EventEmitter.quit (node_modules/ioredis/built/utils/Commander.js:90:25)
      at Object.<anonymous> (tests/integration/redis.telemetry.test.js:17:28)

Test Suites: 1 failed, 1 total
Tests:       2 failed, 2 total
Snapshots:   0 total
Time:        0.523 s, estimated 1 s
Ran all test suites matching tests/integration/redis.telemetry.test.js.
Jest did not exit one second after the test run has completed.

'This usually means that there are asynchronous operations that weren't stopped in your tests. Consider running Jest with `--detectOpenHandles` to troubleshoot this issue.
